# setup ssh

# lookup IP address
$ ip a | grep inet
# on remote machine:
$ ssh thalia@192.168.1.38

# if failed:
# on raspi:
# check status of ssh daemon
$ systemctl status ssh
# temporarily enable password authentication
$ sudo cp -p /etc/ssh/sshd_config{,.bak}
# change "PasswordAuthentication no" to "#PasswordAuthentication yes"
$ sudo vim /etc/ssh/sshd_config
# restart sshd
$ sudo systemctl restart ssh
# on remote machine:
$ ssh thalia@192.168.1.38
$ logout

Generate a key and copy it to the remote machine:

```sh
ssh-keygen -t rsa -b 8192 -a 100 -f ~/.ssh/raspi_id_rsa
ssh-copy-id -i ~/.ssh/raspi_id_rsa thalia@192.168.1.38
```

$ echo 'Host raspi
	HostName 192.168.1.38
	User thalia
	IdentityFile ~/.ssh/raspi_id_rsa
	IdentitiesOnly yes' >> ~/.ssh/config
$ ssh raspi
# on raspi:
# disable password authentication
$ sudo mv /etc/ssh/sshd_config{.bak,}
$ sudo systemctl restart ssh
